
-------------------------------------------------------------------------
|    ___ _   _ ___                                                      |
|   / __| | | |_  )   Release 8.5.0 "Harrier"                           |
|   \__ \ |_| |/ /                                                      |
|   |___/\___//___|   Suite (Computational Fluid Dynamics Code)         |
|                                                                       |
-------------------------------------------------------------------------
| SU2 Project Website: https://su2code.github.io                        |
|                                                                       |
| The SU2 Project is maintained by the SU2 Foundation                   |
| (http://su2foundation.org)                                            |
-------------------------------------------------------------------------
| Copyright 2012-2026, SU2 Contributors                                 |
|                                                                       |
| SU2 is free software; you can redistribute it and/or                  |
| modify it under the terms of the GNU Lesser General Public            |
| License as published by the Free Software Foundation; either          |
| version 2.1 of the License, or (at your option) any later version.    |
|                                                                       |
| SU2 is distributed in the hope that it will be useful,                |
| but WITHOUT ANY WARRANTY; without even the implied warranty of        |
| MERCHANTABILITY or FITNESS FOR A PARTICULAR PURPOSE. See the GNU      |
| Lesser General Public License for more details.                       |
|                                                                       |
| You should have received a copy of the GNU Lesser General Public      |
| License along with SU2. If not, see <http://www.gnu.org/licenses/>.   |
-------------------------------------------------------------------------

Parsing config file for zone 0

----------------- Physical Case Definition ( Zone 0 ) -------------------
Compressible Euler equations.
Mach number: 2.
Angle of attack (AoA): 0 deg, and angle of sideslip (AoS): 0 deg.
No restart solution, use the values at infinity (freestream).
Dimensional simulation.
The reference area is 1 m^2.
The semi-span will be computed using the max y(3D) value.
The reference length is 1 m.
Surface(s) where the force coefficients are evaluated and 
their reference origin for moment computation: 
   - upper (0.25, 0, 0).
   - lower (0.25, 0, 0) m.
Surface(s) plotted in the output file: lower.
Surface(s) affected by the design variables: upper, lower, inlet, outlet.
Input mesh file name: mesh_wedge_inv.su2

--------------- Space Numerical Integration ( Zone 0 ) ------------------
Jameson-Schmidt-Turkel scheme (2nd order in space) for the flow inviscid terms.
JST viscous coefficients (2nd & 4th): 0.5, 0.02.
The method includes a grid stretching correction (p = 0.3).
Gradient for upwind reconstruction: inverse-distance weighted Least-Squares.
Gradient for viscous and source terms: inverse-distance weighted Least-Squares.

--------------- Time Numerical Integration  ( Zone 0 ) ------------------
Local time stepping (steady state simulation).
Euler implicit method for the flow equations.
BCGSTAB is used for solving the linear system.
Using a ILU(0) preconditioning.
Convergence criteria of the linear solver: 0.1.
Max number of linear iterations: 3.
V Multigrid Cycle, with 3 multigrid levels.
Damping factor for the residual restriction: 0.5.
Damping factor for the correction prolongation: 0.5.
No CFL adaptation.
+-------------------------------------------+
|  MG Level| Presmooth|PostSmooth|CorrectSmo|
+-------------------------------------------+
|         0|         1|         0|         1|
|         1|         4|         4|         1|
|         2|         4|         4|         1|
|         3|         4|         0|         0|
+-------------------------------------------+
Courant-Friedrichs-Lewy number:      100

------------------ Convergence Criteria  ( Zone 0 ) ---------------------
Maximum number of solver subiterations: 11000.
Begin convergence monitoring at iteration 10.
Residual minimum value: 1e-13.
Cauchy series min. value: 1e-10.
Number of Cauchy elements: 100.
Begin windowed time average at iteration 0.

-------------------- Output Information ( Zone 0 ) ----------------------
File writing frequency: 
+------------------------------------+
|                     File| Frequency|
+------------------------------------+
|                  RESTART|       250|
|                 PARAVIEW|       250|
|         SURFACE_PARAVIEW|       250|
+------------------------------------+
Writing the convergence history file every 1 inner iterations.
Writing the screen convergence history every 1 inner iterations.
The tabular file format is CSV (.csv).
Convergence history file name: history.
Forces breakdown file name: forces_breakdown.dat.
Surface file name: surface_flow.
Volume file name: flow.
Restart file name: restart_flow.

------------- Config File Boundary Information ( Zone 0 ) ---------------
+-----------------------------------------------------------------------+
|                        Marker Type|                        Marker Name|
+-----------------------------------------------------------------------+
|                         Euler wall|                              upper|
|                                   |                              lower|
+-----------------------------------------------------------------------+
|          Supersonic inlet boundary|                              inlet|
+-----------------------------------------------------------------------+
|                    Outlet boundary|                             outlet|
+-----------------------------------------------------------------------+

-------------------- Output Preprocessing ( Zone 0 ) --------------------

WARNING: SURFACE_PRESSURE_DROP can only be computed for at least 2 surfaces (outlet, inlet, ...)

Screen output fields: INNER_ITER, RMS_DENSITY, RMS_ENERGY, LIFT, DRAG
History output group(s): ITER, RMS_RES, AERO_COEFF
Convergence field(s): RMS_DENSITY
Warning: No (valid) fields chosen for time convergence monitoring. Time convergence monitoring inactive.
Volume output fields: COORDINATES, SOLUTION, PRIMITIVE

------------------- Geometry Preprocessing ( Zone 0 ) -------------------
Two dimensional problem.
3750 grid points before partitioning.
3626 volume elements before partitioning.
4 surface markers.
49 boundary elements in index 0 (Marker = inlet).
74 boundary elements in index 1 (Marker = lower).
49 boundary elements in index 2 (Marker = outlet).
74 boundary elements in index 3 (Marker = upper).
Executing the partitioning functions.
Building the graph adjacency structure.
Calling ParMETIS... graph partitioning complete (149 edge cuts).
Distributing ParMETIS coloring.
Rebalancing vertices.
Rebalancing volume element connectivity.
Rebalancing markers and surface elements.
4052 vertices including ghost points. 
3774 interior elements including halo cells. 
3774 quadrilaterals.
Establishing MPI communication patterns.
Setting point connectivity.
Renumbering points (Reverse Cuthill McKee Ordering).
Recomputing point connectivity.
Setting element connectivity.
Checking the numerical grid orientation.
All volume elements are correctly oriented.
All surface elements are correctly oriented.
Identifying edges and vertices.
Setting the control volume structure.
Area of the computational grid: 1.46986.
Searching for the closest normal neighbors to the surfaces.
Storing a mapping from global to local point index.
Compute the surface curvature.
Max K: 75.6438. Mean K: 2.30523. Standard deviation K: 12.5059.
Computing mesh quality statistics for the dual control volumes.
+--------------------------------------------------------------+
|           Mesh Quality Metric|        Minimum|        Maximum|
+--------------------------------------------------------------+
|    Orthogonality Angle (deg.)|        80.0505|             90|
|     CV Face Area Aspect Ratio|        1.00544|        2.46023|
|           CV Sub-Volume Ratio|              1|        1.02041|
+--------------------------------------------------------------+
Setting the multigrid structure. NMG=3
+-------------------------------------------+
|  MG Level|       CVs|Aggl. Rate|       CFL|
+-------------------------------------------+
|         0|      3750|    1/1.00|       100|
|         1|      1123|    1/3.34|   66.6667|

Euler Wall Agglomeration Statistics (45° curvature threshold):
----------------------------------------------------------------
  Marker: upper
    Seeds agglomerated:       20 (100.0%)
    Seeds rejected (>45° curv): 0 (0.0%)
----------------------------------------------------------------
MG level 2 has only 380 CVs (< MG_MIN_MESHSIZE=500). Reducing MG levels to 1.

Euler Wall Agglomeration Statistics (45° curvature threshold):
----------------------------------------------------------------
  Marker: upper
    Seeds agglomerated:       10 (100.0%)
    Seeds rejected (>45° curv): 0 (0.0%)
----------------------------------------------------------------
Finding max control volume width.
Communicating number of neighbors.
Wetted area = 3.0 m.
Area projection in the x-plane = 0.2 m, y-plane = 1.5 m.
Max. coordinate in the x-direction = 1.5 m, y-direction = 1.0 m.
Min. coordinate in the x-direction = 0.0 m, y-direction = 0.0 m.
Computing wall distances.

-------------------- Solver Preprocessing ( Zone 0 ) --------------------
Inviscid flow: Computing density based on free-stream
temperature and pressure using the ideal gas law.
Force coefficients computed using free-stream values.

-- Models:
+------------------------------------------------------------------------------+
|          Viscosity Model|        Conductivity Model|              Fluid Model|
+------------------------------------------------------------------------------+
|                        -|                         -|             STANDARD_AIR|
+------------------------------------------------------------------------------+
-- Fluid properties:
+------------------------------------------------------------------------------+
|                  Name|    Dim. value|    Ref. value|      Unit|Non-dim. value|
+------------------------------------------------------------------------------+
|          Gas Constant|       287.058|             1|  N.m/kg.K|       287.058|
|      Spec. Heat Ratio|             -|             -|         -|           1.4|
+------------------------------------------------------------------------------+
-- Initial and free-stream conditions:
+------------------------------------------------------------------------------+
|                  Name|    Dim. value|    Ref. value|      Unit|Non-dim. value|
+------------------------------------------------------------------------------+
|       Static Pressure|        100000|             1|        Pa|        100000|
|               Density|       1.16121|             1|    kg/m^3|       1.16121|
|           Temperature|           300|             1|         K|           300|
|          Total Energy|        456422|             1|   m^2/s^2|        456422|
|            Velocity-X|       694.448|             1|       m/s|       694.448|
|            Velocity-Y|             0|             1|       m/s|             0|
|    Velocity Magnitude|       694.448|             1|       m/s|       694.448|
+------------------------------------------------------------------------------+
|           Mach Number|             -|             -|         -|             2|
+------------------------------------------------------------------------------+
Initialize Jacobian structure (Euler). MG level: 0.
Initialize Jacobian structure (Euler). MG level: 1.

------------------- Numerics Preprocessing ( Zone 0 ) -------------------

----------------- Integration Preprocessing ( Zone 0 ) ------------------

------------------- Iteration Preprocessing ( Zone 0 ) ------------------
Euler/Navier-Stokes/RANS fluid iteration.

------------------------------ Begin Solver -----------------------------

Simulation Run using the Single-zone Driver
WARNING: SU2 was not compiled for an AVX-capable architecture. Performance could be better,
         see https://su2code.github.io/docs_v7/Build-SU2-Linux-MacOS/#compiler-optimizations
WARNING: SU2 was not compiled for an AVX-capable architecture. Performance could be better,
         see https://su2code.github.io/docs_v7/Build-SU2-Linux-MacOS/#compiler-optimizations
+----------------------------------------------------------------+
|  Inner_Iter|    rms[Rho]|   rms[RhoE]|          CL|          CD|
+----------------------------------------------------------------+
|           0|   -0.481460|    5.253008|   -0.101726|    0.017388|
|           1|   -0.763128|    4.969993|   -0.241290|    0.042469|
|           2|   -1.038313|    4.705192|   -0.249657|    0.044159|
|           3|   -1.239345|    4.502774|   -0.259946|    0.045907|
|           4|   -1.081806|    4.637753|   -0.255329|    0.044986|
|           5|   -1.262207|    4.474922|   -0.251474|    0.044241|
|           6|   -1.387530|    4.364144|   -0.252748|    0.044443|
|           7|   -1.420204|    4.336333|   -0.254497|    0.044794|
|           8|   -1.444620|    4.321354|   -0.254985|    0.044944|
|           9|   -1.479690|    4.297562|   -0.254073|    0.044852|
|          10|   -1.509293|    4.275987|   -0.252921|    0.044687|
|          11|   -1.546081|    4.245122|   -0.252217|    0.044550|
|          12|   -1.591936|    4.202668|   -0.252096|    0.044466|
|          13|   -1.646244|    4.150568|   -0.252392|    0.044433|
|          14|   -1.722278|    4.076869|   -0.252823|    0.044431|
|          15|   -1.798124|    3.999331|   -0.253153|    0.044444|
|          16|   -1.871193|    3.923288|   -0.253242|    0.044461|
|          17|   -1.941709|    3.849731|   -0.252995|    0.044479|
|          18|   -2.004768|    3.782734|   -0.252722|    0.044479|
|          19|   -2.091037|    3.698957|   -0.252349|    0.044476|
|          20|   -2.145862|    3.641008|   -0.252092|    0.044469|
|          21|   -2.197952|    3.587508|   -0.251967|    0.044462|
|          22|   -2.250052|    3.535109|   -0.251950|    0.044456|
|          23|   -2.302407|    3.483002|   -0.252006|    0.044451|
|          24|   -2.355395|    3.430598|   -0.252104|    0.044448|
|          25|   -2.404461|    3.381955|   -0.252204|    0.044447|
|          26|   -2.467548|    3.320267|   -0.252306|    0.044447|
|          27|   -2.514692|    3.272816|   -0.252392|    0.044448|
|          28|   -2.560314|    3.227885|   -0.252439|    0.044449|
|          29|   -2.625874|    3.163056|   -0.252470|    0.044449|
|          30|   -2.662675|    3.124646|   -0.252476|    0.044450|
|          31|   -2.712580|    3.075310|   -0.252466|    0.044449|
|          32|   -2.758574|    3.029531|   -0.252442|    0.044449|
|          33|   -2.803276|    2.985751|   -0.252416|    0.044448|
|          34|   -2.861153|    2.928842|   -0.252388|    0.044447|
|          35|   -2.907687|    2.882148|   -0.252364|    0.044447|
|          36|   -2.957131|    2.833012|   -0.252345|    0.044446|
|          37|   -3.006697|    2.783565|   -0.252333|    0.044446|
|          38|   -3.055519|    2.734536|   -0.252326|    0.044446|
|          39|   -3.103665|    2.686104|   -0.252322|    0.044446|
|          40|   -3.150200|    2.639956|   -0.252322|    0.044446|
|          41|   -3.199739|    2.591303|   -0.252322|    0.044447|
|          42|   -3.251396|    2.540487|   -0.252323|    0.044447|
|          43|   -3.302015|    2.489895|   -0.252325|    0.044447|
|          44|   -3.348336|    2.443058|   -0.252327|    0.044446|
|          45|   -3.394183|    2.397295|   -0.252329|    0.044446|
|          46|   -3.442426|    2.349611|   -0.252331|    0.044446|
|          47|   -3.491772|    2.300497|   -0.252333|    0.044446|
|          48|   -3.534954|    2.256328|   -0.252335|    0.044446|
|          49|   -3.578522|    2.213821|   -0.252337|    0.044446|
|          50|   -3.624257|    2.168601|   -0.252338|    0.044446|
|          51|   -3.670207|    2.122620|   -0.252339|    0.044446|
|          52|   -3.715210|    2.077353|   -0.252339|    0.044446|
|          53|   -3.759325|    2.032932|   -0.252339|    0.044446|
|          54|   -3.803274|    1.988929|   -0.252338|    0.044446|
|          55|   -3.850334|    1.942146|   -0.252338|    0.044446|
|          56|   -3.900239|    1.892168|   -0.252337|    0.044446|
|          57|   -3.948836|    1.843218|   -0.252336|    0.044446|
|          58|   -3.995300|    1.796480|   -0.252336|    0.044446|
|          59|   -4.041638|    1.750093|   -0.252335|    0.044446|
|          60|   -4.088482|    1.703904|   -0.252335|    0.044446|
|          61|   -4.133095|    1.660431|   -0.252335|    0.044446|
|          62|   -4.179531|    1.615116|   -0.252335|    0.044446|
|          63|   -4.226835|    1.568223|   -0.252335|    0.044446|
|          64|   -4.274319|    1.520662|   -0.252335|    0.044446|
|          65|   -4.320773|    1.473866|   -0.252335|    0.044446|
|          66|   -4.366947|    1.427605|   -0.252335|    0.044446|
|          67|   -4.413134|    1.381572|   -0.252335|    0.044446|
|          68|   -4.458773|    1.336086|   -0.252335|    0.044446|
|          69|   -4.504140|    1.290913|   -0.252335|    0.044446|
|          70|   -4.549626|    1.245691|   -0.252335|    0.044446|
|          71|   -4.595393|    1.200217|   -0.252334|    0.044446|
|          72|   -4.642055|    1.153004|   -0.252334|    0.044446|
|          73|   -4.689968|    1.104566|   -0.252334|    0.044446|
|          74|   -4.734921|    1.058753|   -0.252334|    0.044446|
|          75|   -4.780439|    1.013463|   -0.252334|    0.044446|
|          76|   -4.826546|    0.967692|   -0.252334|    0.044446|
|          77|   -4.874418|    0.920159|   -0.252334|    0.044446|
|          78|   -4.922748|    0.871930|   -0.252335|    0.044446|
|          79|   -4.970796|    0.823778|   -0.252335|    0.044446|
|          80|   -5.018484|    0.775918|   -0.252335|    0.044446|
|          81|   -5.073728|    0.722514|   -0.252335|    0.044446|
|          82|   -5.123113|    0.673319|   -0.252335|    0.044446|
|          83|   -5.167455|    0.628855|   -0.252335|    0.044446|
|          84|   -5.212781|    0.583676|   -0.252335|    0.044446|
|          85|   -5.252977|    0.542669|   -0.252335|    0.044446|
|          86|   -5.294503|    0.500136|   -0.252335|    0.044446|
|          87|   -5.338626|    0.455667|   -0.252335|    0.044446|
|          88|   -5.383658|    0.410686|   -0.252335|    0.044446|
|          89|   -5.429025|    0.365557|   -0.252335|    0.044446|
|          90|   -5.474630|    0.320216|   -0.252335|    0.044446|
|          91|   -5.520151|    0.274844|   -0.252335|    0.044446|
|          92|   -5.565183|    0.229790|   -0.252335|    0.044446|
|          93|   -5.609488|    0.185337|   -0.252335|    0.044446|
|          94|   -5.653063|    0.141583|   -0.252335|    0.044446|
|          95|   -5.696079|    0.098443|   -0.252335|    0.044446|
|          96|   -5.738793|    0.055707|   -0.252335|    0.044446|
|          97|   -5.781486|    0.013103|   -0.252335|    0.044446|
|          98|   -5.824460|   -0.029673|   -0.252335|    0.044446|
|          99|   -5.867999|   -0.072913|   -0.252335|    0.044446|
|         100|   -5.912265|   -0.116805|   -0.252335|    0.044446|
|         101|   -5.957153|   -0.161309|   -0.252335|    0.044446|
|         102|   -6.002219|   -0.206082|   -0.252335|    0.044446|
|         103|   -6.046724|   -0.250499|   -0.252335|    0.044446|
|         104|   -6.089951|   -0.293894|   -0.252335|    0.044446|
|         105|   -6.131723|   -0.335995|   -0.252335|    0.044446|
|         106|   -6.172639|   -0.377197|   -0.252335|    0.044446|
|         107|   -6.213701|   -0.418320|   -0.252335|    0.044446|
|         108|   -6.255603|   -0.460013|   -0.252335|    0.044446|
|         109|   -6.298317|   -0.502364|   -0.252335|    0.044446|
|         110|   -6.341262|   -0.544978|   -0.252335|    0.044446|
|         111|   -6.383800|   -0.587341|   -0.252335|    0.044446|
|         112|   -6.425605|   -0.629138|   -0.252335|    0.044446|
|         113|   -6.466780|   -0.670387|   -0.252335|    0.044446|
|         114|   -6.507950|   -0.711561|   -0.252335|    0.044446|
|         115|   -6.550136|   -0.753544|   -0.252335|    0.044446|
|         116|   -6.593979|   -0.796967|   -0.252335|    0.044446|
|         117|   -6.639081|   -0.841600|   -0.252335|    0.044446|
|         118|   -6.684198|   -0.886446|   -0.252335|    0.044446|
|         119|   -6.727920|   -0.930257|   -0.252335|    0.044446|
|         120|   -6.769375|   -0.972136|   -0.252335|    0.044446|
|         121|   -6.808626|   -1.011929|   -0.252335|    0.044446|
|         122|   -6.846623|   -1.050317|   -0.252335|    0.044446|
|         123|   -6.884823|   -1.088591|   -0.252335|    0.044446|
|         124|   -6.924546|   -1.128030|   -0.252335|    0.044446|
|         125|   -6.966191|   -1.169131|   -0.252335|    0.044446|
|         126|   -7.008929|   -1.211307|   -0.252335|    0.044446|
|         127|   -7.051264|   -1.253304|   -0.252335|    0.044446|
|         128|   -7.091913|   -1.293913|   -0.252335|    0.044446|
|         129|   -7.130404|   -1.332550|   -0.252335|    0.044446|
|         130|   -7.167455|   -1.369695|   -0.252335|    0.044446|
|         131|   -7.204378|   -1.406539|   -0.252335|    0.044446|
|         132|   -7.241882|   -1.443843|   -0.252335|    0.044446|
|         133|   -7.288574|   -1.490293|   -0.252335|    0.044446|
|         134|   -7.332684|   -1.534660|   -0.252335|    0.044446|
|         135|   -7.379663|   -1.581844|   -0.252335|    0.044446|
|         136|   -7.421622|   -1.623945|   -0.252335|    0.044446|
|         137|   -7.463773|   -1.665550|   -0.252335|    0.044446|
|         138|   -7.504924|   -1.706888|   -0.252335|    0.044446|
|         139|   -7.545724|   -1.747974|   -0.252335|    0.044446|
|         140|   -7.579382|   -1.781381|   -0.252335|    0.044446|
|         141|   -7.620680|   -1.821193|   -0.252335|    0.044446|
|         142|   -7.661417|   -1.861321|   -0.252335|    0.044446|
|         143|   -7.709490|   -1.909650|   -0.252335|    0.044446|
|         144|   -7.751801|   -1.952628|   -0.252335|    0.044446|
|         145|   -7.790843|   -1.991673|   -0.252335|    0.044446|
|         146|   -7.831854|   -2.032335|   -0.252335|    0.044446|
|         147|   -7.874353|   -2.074786|   -0.252335|    0.044446|
|         148|   -7.915951|   -2.116626|   -0.252335|    0.044446|
|         149|   -7.956814|   -2.157597|   -0.252335|    0.044446|
|         150|   -7.997884|   -2.198571|   -0.252335|    0.044446|
|         151|   -8.038898|   -2.239250|   -0.252335|    0.044446|
|         152|   -8.081544|   -2.281234|   -0.252335|    0.044446|
|         153|   -8.126015|   -2.324948|   -0.252335|    0.044446|
|         154|   -8.170779|   -2.369223|   -0.252335|    0.044446|
|         155|   -8.214817|   -2.413144|   -0.252335|    0.044446|
|         156|   -8.257861|   -2.456373|   -0.252335|    0.044446|
|         157|   -8.300157|   -2.499029|   -0.252335|    0.044446|
|         158|   -8.342008|   -2.541302|   -0.252335|    0.044446|
|         159|   -8.383265|   -2.582939|   -0.252335|    0.044446|
|         160|   -8.423990|   -2.623833|   -0.252335|    0.044446|
|         161|   -8.465101|   -2.664746|   -0.252335|    0.044446|
|         162|   -8.507785|   -2.706854|   -0.252335|    0.044446|
|         163|   -8.552139|   -2.750478|   -0.252335|    0.044446|
|         164|   -8.597292|   -2.794995|   -0.252335|    0.044446|
|         165|   -8.642422|   -2.839706|   -0.252335|    0.044446|
|         166|   -8.686994|   -2.884109|   -0.252335|    0.044446|
|         167|   -8.730729|   -2.927900|   -0.252335|    0.044446|
|         168|   -8.773619|   -2.971005|   -0.252335|    0.044446|
|         169|   -8.815870|   -3.013565|   -0.252335|    0.044446|
|         170|   -8.857690|   -3.055740|   -0.252335|    0.044446|
|         171|   -8.899255|   -3.097601|   -0.252335|    0.044446|
|         172|   -8.941224|   -3.139587|   -0.252335|    0.044446|
|         173|   -8.984638|   -3.182590|   -0.252335|    0.044446|
|         174|   -9.029834|   -3.227070|   -0.252335|    0.044446|
|         175|   -9.076279|   -3.272759|   -0.252335|    0.044446|
|         176|   -9.123162|   -3.319080|   -0.252335|    0.044446|
|         177|   -9.169627|   -3.365309|   -0.252335|    0.044446|
|         178|   -9.214987|   -3.410766|   -0.252335|    0.044446|
|         179|   -9.258984|   -3.455093|   -0.252335|    0.044446|
|         180|   -9.301823|   -3.498370|   -0.252335|    0.044446|
|         181|   -9.343968|   -3.540967|   -0.252335|    0.044446|
|         182|   -9.385887|   -3.583266|   -0.252335|    0.044446|
|         183|   -9.428201|   -3.625704|   -0.252335|    0.044446|
|         184|   -9.471981|   -3.669139|   -0.252335|    0.044446|
|         185|   -9.517814|   -3.714226|   -0.252335|    0.044446|
|         186|   -9.558526|   -3.754808|   -0.252335|    0.044446|
|         187|   -9.605295|   -3.799334|   -0.252335|    0.044446|
|         188|   -9.653921|   -3.846804|   -0.252335|    0.044446|
|         189|   -9.698878|   -3.892535|   -0.252335|    0.044446|
|         190|   -9.746673|   -3.940681|   -0.252335|    0.044446|
|         191|   -9.790915|   -3.986736|   -0.252335|    0.044446|
|         192|   -9.832374|   -4.029528|   -0.252335|    0.044446|
|         193|   -9.873429|   -4.070913|   -0.252335|    0.044446|
|         194|   -9.915745|   -4.112805|   -0.252335|    0.044446|
|         195|   -9.960393|   -4.156580|   -0.252335|    0.044446|
|         196|  -10.001537|   -4.197017|   -0.252335|    0.044446|
|         197|  -10.049560|   -4.242483|   -0.252335|    0.044446|
|         198|  -10.100811|   -4.292188|   -0.252335|    0.044446|
|         199|  -10.149813|   -4.341619|   -0.252335|    0.044446|
|         200|  -10.195407|   -4.388649|   -0.252335|    0.044446|
|         201|  -10.238863|   -4.433286|   -0.252335|    0.044446|
|         202|  -10.281589|   -4.476477|   -0.252335|    0.044446|
|         203|  -10.330510|   -4.524579|   -0.252335|    0.044446|
|         204|  -10.376375|   -4.571464|   -0.252335|    0.044446|
|         205|  -10.419493|   -4.615666|   -0.252335|    0.044446|
|         206|  -10.462455|   -4.658848|   -0.252335|    0.044446|
|         207|  -10.502042|   -4.697819|   -0.252335|    0.044446|
|         208|  -10.550660|   -4.743037|   -0.252335|    0.044446|
|         209|  -10.604469|   -4.794328|   -0.252335|    0.044446|
|         210|  -10.656844|   -4.846604|   -0.252335|    0.044446|
|         211|  -10.705493|   -4.896722|   -0.252335|    0.044446|
|         212|  -10.751485|   -4.944216|   -0.252335|    0.044446|
|         213|  -10.796633|   -4.990128|   -0.252335|    0.044446|
|         214|  -10.841742|   -5.035388|   -0.252335|    0.044446|
|         215|  -10.886706|   -5.080283|   -0.252335|    0.044446|
|         216|  -10.931354|   -5.124853|   -0.252335|    0.044446|
|         217|  -10.975933|   -5.169299|   -0.252335|    0.044446|
|         218|  -11.020976|   -5.214065|   -0.252335|    0.044446|
|         219|  -11.066983|   -5.259598|   -0.252335|    0.044446|
|         220|  -11.114197|   -5.306210|   -0.252335|    0.044446|
|         221|  -11.162405|   -5.353866|   -0.252335|    0.044446|
|         222|  -11.211115|   -5.402240|   -0.252335|    0.044446|
|         223|  -11.259748|   -5.450836|   -0.252335|    0.044446|
|         224|  -11.307932|   -5.499254|   -0.252335|    0.044446|
|         225|  -11.355546|   -5.547276|   -0.252335|    0.044446|
|         226|  -11.402745|   -5.594868|   -0.252335|    0.044446|
|         227|  -11.449763|   -5.642162|   -0.252335|    0.044446|
|         228|  -11.496766|   -5.689269|   -0.252335|    0.044446|
|         229|  -11.543874|   -5.736308|   -0.252335|    0.044446|
|         230|  -11.591160|   -5.783420|   -0.252335|    0.044446|
|         231|  -11.638814|   -5.830801|   -0.252335|    0.044446|
|         232|  -11.686829|   -5.878498|   -0.252335|    0.044446|
|         233|  -11.735365|   -5.926671|   -0.252335|    0.044446|
|         234|  -11.784337|   -5.975306|   -0.252335|    0.044446|
|         235|  -11.833576|   -6.024291|   -0.252335|    0.044446|
|         236|  -11.882772|   -6.073408|   -0.252335|    0.044446|
|         237|  -11.931961|   -6.122622|   -0.252335|    0.044446|
|         238|  -11.980877|   -6.171705|   -0.252335|    0.044446|
|         239|  -12.029721|   -6.220744|   -0.252335|    0.044446|
|         240|  -12.078703|   -6.269842|   -0.252335|    0.044446|
|         241|  -12.127796|   -6.318997|   -0.252335|    0.044446|
|         242|  -12.176968|   -6.368179|   -0.252335|    0.044446|
|         243|  -12.225889|   -6.417115|   -0.252335|    0.044446|
|         244|  -12.274560|   -6.465893|   -0.252335|    0.044446|
|         245|  -12.322958|   -6.514281|   -0.252335|    0.044446|
|         246|  -12.371559|   -6.562824|   -0.252335|    0.044446|
|         247|  -12.420416|   -6.611467|   -0.252335|    0.044446|
|         248|  -12.469662|   -6.660500|   -0.252335|    0.044446|
|         249|  -12.519120|   -6.709735|   -0.252335|    0.044446|
|         250|  -12.568573|   -6.758965|   -0.252335|    0.044446|
+-----------------------------------------------------------------------+
|        File Writing Summary       |              Filename             |
+-----------------------------------------------------------------------+
|SU2 binary restart                 |restart_flow.dat                   |
|Paraview                           |flow.vtu                           |
|Paraview surface                   |surface_flow.vtu                   |
+-----------------------------------------------------------------------+
+----------------------------------------------------------------+
|  Inner_Iter|    rms[Rho]|   rms[RhoE]|          CL|          CD|
+----------------------------------------------------------------+
|         251|  -12.618474|   -6.808456|   -0.252335|    0.044446|
|         252|  -12.668736|   -6.858495|   -0.252335|    0.044446|
|         253|  -12.718712|   -6.908681|   -0.252335|    0.044446|
|         254|  -12.768472|   -6.958545|   -0.252335|    0.044446|
|         255|  -12.819075|   -7.008917|   -0.252335|    0.044446|
|         256|  -12.869288|   -7.059245|   -0.252335|    0.044446|
|         257|  -12.919719|   -7.110395|   -0.252335|    0.044446|
|         258|  -12.969573|   -7.160020|   -0.252335|    0.044446|
|         259|  -13.019809|   -7.210013|   -0.252335|    0.044446|

----------------------------- Solver Exit -------------------------------
All convergence criteria satisfied.
+-----------------------------------------------------------------------+
|      Convergence Field     |     Value    |   Criterion  |  Converged |
+-----------------------------------------------------------------------+
|                    rms[Rho]|      -13.0198|         < -13|         Yes|
+-----------------------------------------------------------------------+
-------------------------------------------------------------------------
+-----------------------------------------------------------------------+
|        File Writing Summary       |              Filename             |
+-----------------------------------------------------------------------+
|SU2 binary restart                 |restart_flow.dat                   |
|Paraview                           |flow.vtu                           |
|Paraview surface                   |surface_flow.vtu                   |
+-----------------------------------------------------------------------+

--------------------------- Finalizing Solver ---------------------------
Deleted CNumerics container.
Deleted CIntegration container.
Deleted CSolver container.
Deleted CIteration container.
Deleted CInterface container.
Deleted CGeometry container.
Deleted CFreeFormDefBox class.
Deleted CSurfaceMovement class.
Deleted CVolumetricMovement class.
Deleted CConfig container.
Deleted nInst container.
Deleted COutput class.
-------------------------------------------------------------------------

------------------------- Exit Success (SU2_CFD) ------------------------

$ /opt/homebrew/opt/open-mpi/bin/mpirun -np 4 /Users/vinicius.ceccon/opt/su2/bin/SU2_CFD case.cfg

